277a.lean:4:7-4:15: error: unknown identifier 'nonexistent'
