eval_except.lean:4:0-4:5: error: this is my error
eval_except.lean:5:0-5:5: error: no such file or directory (error code: 31)
  file: file.ext
