[Compiler.IR] [init]
    def f (x_1 : obj) : obj :=
      let x_2 : obj := List.lengthTR._redArg x_1;
      let x_3 : obj := 1;
      let x_4 : obj := Nat.shiftLeft x_2 x_3;
      ret x_4
