10
6
7
13
101
558
311
313
11
InfTree.node.sizeOf_spec.{u} {α : Type u} [SizeOf α] (children : Nat → InfTree α) : sizeOf (InfTree.node children) = 1
