SnakeLinter.lean:4:4: error: linter snakeLinter failed: SNAKES!!
