{"textDocument": {"uri": "file:///completionPrv.lean"},
 "position": {"line": 2, "character": 11}}
{"items":
 [{"sortText": "0",
   "label": "blaBlaBoo",
   "kind": 21,
   "data":
   {"params":
    {"textDocument": {"uri": "file:///completionPrv.lean"},
     "position": {"line": 2, "character": 11}},
    "id": {"const": {"declName": "_private.0.blaBlaBoo"}}}}],
 "isIncomplete": true}
{"textDocument": {"uri": "file:///completionPrv.lean"},
 "position": {"line": 9, "character": 11}}
{"items":
 [{"sortText": "0",
   "label": "booBoo",
   "kind": 21,
   "data":
   {"params":
    {"textDocument": {"uri": "file:///completionPrv.lean"},
     "position": {"line": 9, "character": 11}},
    "id": {"const": {"declName": "_private.0.Foo.booBoo"}}}},
  {"sortText": "1",
   "label": "instToBoolBool",
   "kind": 21,
   "data":
   {"params":
    {"textDocument": {"uri": "file:///completionPrv.lean"},
     "position": {"line": 9, "character": 11}},
    "id": {"const": {"declName": "instToBoolBool"}}}},
  {"sortText": "2",
   "label": "BitVec.getElem_ofBoolListBE",
   "kind": 23,
   "data":
   {"params":
    {"textDocument": {"uri": "file:///completionPrv.lean"},
     "position": {"line": 9, "character": 11}},
    "id": {"const": {"declName": "BitVec.getElem_ofBoolListBE"}}}},
  {"sortText": "3",
   "label": "BitVec.getLsbD_ofBoolListBE",
   "kind": 23,
   "data":
   {"params":
    {"textDocument": {"uri": "file:///completionPrv.lean"},
     "position": {"line": 9, "character": 11}},
    "id": {"const": {"declName": "BitVec.getLsbD_ofBoolListBE"}}}},
  {"sortText": "4",
   "label": "BitVec.getMsbD_ofBoolListBE",
   "kind": 23,
   "data":
   {"params":
    {"textDocument": {"uri": "file:///completionPrv.lean"},
     "position": {"line": 9, "character": 11}},
    "id": {"const": {"declName": "BitVec.getMsbD_ofBoolListBE"}}}},
  {"sortText": "5",
   "label": "BitVec.ofBool_and_ofBool",
   "kind": 23,
   "data":
   {"params":
    {"textDocument": {"uri": "file:///completionPrv.lean"},
     "position": {"line": 9, "character": 11}},
    "id": {"const": {"declName": "BitVec.ofBool_and_ofBool"}}}},
  {"sortText": "6",
   "label": "BitVec.ofBool_or_ofBool",
   "kind": 23,
   "data":
   {"params":
    {"textDocument": {"uri": "file:///completionPrv.lean"},
     "position": {"line": 9, "character": 11}},
    "id": {"const": {"declName": "BitVec.ofBool_or_ofBool"}}}},
  {"sortText": "7",
   "label": "BitVec.ofBool_xor_ofBool",
   "kind": 23,
   "data":
   {"params":
    {"textDocument": {"uri": "file:///completionPrv.lean"},
     "position": {"line": 9, "character": 11}},
    "id": {"const": {"declName": "BitVec.ofBool_xor_ofBool"}}}},
  {"sortText": "8",
   "label": "BitVec.ofBoolListBE",
   "kind": 3,
   "documentation":
   {"value": "Converts a list of `Bool`s to a big-endian `BitVec`. ",
    "kind": "markdown"},
   "data":
   {"params":
    {"textDocument": {"uri": "file:///completionPrv.lean"},
     "position": {"line": 9, "character": 11}},
    "id": {"const": {"declName": "BitVec.ofBoolListBE"}}}}],
 "isIncomplete": true}
{"textDocument": {"uri": "file:///completionPrv.lean"},
 "position": {"line": 21, "character": 5}}
{"items":
 [{"sortText": "0",
   "label": "field1",
   "kind": 5,
   "data":
   {"params":
    {"textDocument": {"uri": "file:///completionPrv.lean"},
     "position": {"line": 21, "character": 5}},
    "id": {"const": {"declName": "S.field1"}}}},
  {"sortText": "1",
   "label": "getInc",
   "kind": 3,
   "data":
   {"params":
    {"textDocument": {"uri": "file:///completionPrv.lean"},
     "position": {"line": 21, "character": 5}},
    "id": {"const": {"declName": "_private.0.S.getInc"}}}}],
 "isIncomplete": true}
{"textDocument": {"uri": "file:///completionPrv.lean"},
 "position": {"line": 25, "character": 4}}
{"items":
 [{"sortText": "0",
   "label": "field1",
   "kind": 5,
   "data":
   {"params":
    {"textDocument": {"uri": "file:///completionPrv.lean"},
     "position": {"line": 25, "character": 4}},
    "id": {"const": {"declName": "S.field1"}}}},
  {"sortText": "1",
   "label": "getInc",
   "kind": 3,
   "data":
   {"params":
    {"textDocument": {"uri": "file:///completionPrv.lean"},
     "position": {"line": 25, "character": 4}},
    "id": {"const": {"declName": "_private.0.S.getInc"}}}}],
 "isIncomplete": true}
